#-----------------------------------------------------------
# Vivado v2024.2 (64-bit)
# SW Build 5239630 on Fri Nov 08 22:35:27 MST 2024
# IP Build 5239520 on Sun Nov 10 16:12:51 MST 2024
# SharedData Build 5239561 on Fri Nov 08 14:39:27 MST 2024
# Start of session at: Sat Apr 19 22:37:34 2025
# Process ID         : 38240
# Current directory  : C:/Users/borat/OneDrive/Desktop/Semesters/Fourth Semester/Digital System/project_15/project_15.runs/impl_1
# Command line       : vivado.exe -log topmodule.vdi -applog -product Vivado -messageDb vivado.pb -mode batch -source topmodule.tcl -notrace
# Log file           : C:/Users/borat/OneDrive/Desktop/Semesters/Fourth Semester/Digital System/project_15/project_15.runs/impl_1/topmodule.vdi
# Journal file       : C:/Users/borat/OneDrive/Desktop/Semesters/Fourth Semester/Digital System/project_15/project_15.runs/impl_1\vivado.jou
# Running On         : Swayam
# Platform           : Windows Server 2016 or Windows 10
# Operating System   : 26100
# Processor Detail   : 12th Gen Intel(R) Core(TM) i5-12500H
# CPU Frequency      : 3110 MHz
# CPU Physical cores : 12
# CPU Logical cores  : 16
# Host memory        : 16831 MB
# Swap memory        : 23622 MB
# Total Virtual      : 40454 MB
# Available Virtual  : 12245 MB
#-----------------------------------------------------------
source topmodule.tcl -notrace
